HI-TECH Software C Compiler 

Linker command line:

\
  --edf=C:\Program Files (x86)\HI-TECH Software\PICC-18\PRO\9.63\dat\en_msgs.txt \
  -cs -h+HW9_2.sym -z -Q18F4620 -ol.obj -MHW9_2.map -E1 -ACODE=0800h-0FFFFh \
  -ACONST=00h-0FFFFh -ASMALLCONST=01000h-010FFhx240 \
  -AMEDIUMCONST=01000h-0FFFFh -ARAM=00h-0FFhx15,0F00h-0F7Fh \
  -ABIGRAM=00h-0F7Fh -ACOMRAM=00h-07Fh -AABS1=00h-0F7Fh -ABANK0=00h-0FFh \
  -ABANK1=0100h-01FFh -ABANK2=0200h-02FFh -ABANK3=0300h-03FFh \
  -ABANK4=0400h-04FFh -ABANK5=0500h-05FFh -ABANK6=0600h-06FFh \
  -ABANK7=0700h-07FFh -ABANK8=0800h-08FFh -ABANK9=0900h-09FFh \
  -ABANK10=0A00h-0AFFh -ABANK11=0B00h-0BFFh -ABANK12=0C00h-0CFFh \
  -ABANK13=0D00h-0DFFh -ABANK14=0E00h-0EFFh -ABANK15=0F00h-0F7Fh \
  -ANVRAM=0F00h-0F7Fh \
  -preset_vec=0800h,intcode=0808h,intcodelo,powerup,init,end_init \
  -pramtop=01000h -psmallconst=SMALLCONST -pmediumconst=MEDIUMCONST \
  -pconst=CONST -pparam1=BANK1 -AFARRAM=00h-00h -ACONFIG=0300000h-030000Dh \
  -pconfig=CONFIG -AIDLOC=0200000h-0200007h -pidloc=IDLOC \
  -AEEDATA=0F00000h-0F003FFh -peeprom_data=EEDATA \
  -prdata=COMRAM,nvrram=COMRAM,nvbit=COMRAM,rbss=COMRAM,rbit=COMRAM \
  -pfarbss=FARRAM,fardata=FARRAM \
  -pintsave_regs=BIGRAM,bigbss=BIGRAM,bigdata=BIGRAM -pbss=RAM \
  -pidata=CODE,irdata=CODE,ibigdata=CODE,ifardata=CODE \
  C:\Users\leeee\AppData\Local\Temp\s15t0.obj HW9_2.obj 

Object code version is 3.10

Machine type is 18F4620

Call graph: (short form)

*_main size 0,3 offset 0
     _LCD_Init size 0,1 offset 3
         _LCD_Inst size 1,1 offset 5
             _LCD_Strobe size 0,0 offset 7
                 _LCD_Pause size 0,2 offset 7
             _Wait_ms size 2,4 offset 7
         _Wait_ms size 2,4 offset 7
*    _LCD_Move size 2,0 offset 3
*        _LCD_Inst size 1,1 offset 5
     _LCD_Write size 1,1 offset 3
         _LCD_Strobe size 0,0 offset 7

Estimated maximum call depth: 4

*intlevel2 size 0,0 offset 13
*    _IntServe size 0,15 offset 13

Estimated maximum call depth: 1


                Name          Link     Load   Length Selector Space Scale
C:\Users\leeee\AppData\Local\Temp\s15t0.obj
                end_init       824      824       12     404     0
                init           818      818        C     404     0
                reset_vec      800      800        4     400     0
HW9_2.obj       intcode        808      808       10     404     0
                smallcons     1000     1000       20     800     0
                text8         1020     1020      12C     810     0
                text7         1470     1470       36     810     0
                text6         14A6     14A6       14     810     0
                text1         1434     1434       3C     810     0
                text0         114C     114C      106     810     0
                text2         12E4     12E4       84     810     0
                text5         1368     1368       7E     810     0
                text4         13E6     13E6       4E     810     0
                text3         1252     1252       92     810     0

COMMON          param1         100      100       1C     100     1

TOTAL           Name          Link     Load   Length  Space
        CLASS   CODE           
                end_init       824      824       12     0
                intcode        808      808       10     0
                init           818      818        C     0
                reset_vec      800      800        4     0
                text8         1020     1020      12C     0
                text7         1470     1470       36     0
                text6         14A6     14A6       14     0
                text1         1434     1434       3C     0
                text0         114C     114C      106     0
                text2         12E4     12E4       84     0
                text5         1368     1368       7E     0
                text4         13E6     13E6       4E     0
                text3         1252     1252       92     0

        CLASS   CONST          

        CLASS   SMALLCONST     
                smallcons     1000     1000       20     0

        CLASS   MEDIUMCONST    

        CLASS   RAM            

        CLASS   BIGRAM         

        CLASS   COMRAM         

        CLASS   ABS1           
                abs_s1           0        0       12     1

        CLASS   BANK0          

        CLASS   BANK1          
                param1         100      100       1C     1

        CLASS   BANK2          

        CLASS   BANK3          

        CLASS   BANK4          

        CLASS   BANK5          

        CLASS   BANK6          

        CLASS   BANK7          

        CLASS   BANK8          

        CLASS   BANK9          

        CLASS   BANK10         

        CLASS   BANK11         

        CLASS   BANK12         

        CLASS   BANK13         

        CLASS   BANK14         

        CLASS   BANK15         

        CLASS   NVRAM          

        CLASS   FARRAM         

        CLASS   CONFIG         

        CLASS   IDLOC          

        CLASS   EEDATA         



SEGMENTS        Name           Load    Length   Top     Selector    Space Class

                param1          000100  00001C  00011C       100       1  BANK1   
                reset_vec       000800  000004  000804       400       0  CODE    
                intcode         000808  00002E  000836       404       0  CODE    
                smallconst      001000  000020  001020       800       0  SMALLCON
                idata           001020  00049A  0014BA       810       0  CODE    


UNUSED ADDRESS RANGES

        BANK0            000012-0000FF
        BANK1            00011C-0001FF
        BANK10           000A00-000AFF
        BANK11           000B00-000BFF
        BANK12           000C00-000CFF
        BANK13           000D00-000DFF
        BANK14           000E00-000EFF
        BANK15           000F00-000F7F
        BANK2            000200-0002FF
        BANK3            000300-0003FF
        BANK4            000400-0004FF
        BANK5            000500-0005FF
        BANK6            000600-0006FF
        BANK7            000700-0007FF
        BANK8            000800-0008FF
        BANK9            000900-0009FF
        BIGRAM           000012-0000FF
                         00011C-000F7F
        CODE             000804-000807
                         000836-000FFF
                         0014BA-00FFFF
        COMRAM           000012-00007F
        CONFIG           300000-30000D
        CONST            000000-0007FF
                         000804-000807
                         000836-000FFF
                         0014BA-00FFFF
        EEDATA           F00000-F003FF
        FARRAM           000000-000000
        IDLOC            200000-200007
        MEDIUMCONST      0014BA-00FFFF
        NVRAM            000F00-000F7F
        RAM              000012-0000FF
                         00011C-000F7F
        SMALLCONST       0014BA-00FFFF

                                  Symbol Table

??_IntServe         param1       00010D
??_LCD_Init         param1       000103
??_LCD_Inst         param1       000106
??_LCD_Move         param1       000105
??_LCD_Pause        param1       000107
??_LCD_Strobe       param1       000107
??_LCD_Write        param1       000104
??_Wait_ms          param1       000109
??_main             param1       000100
?_IntServe          param1       00010D
?_LCD_Init          param1       000103
?_LCD_Inst          param1       000105
?_LCD_Move          param1       000103
?_LCD_Pause         param1       000107
?_LCD_Strobe        param1       000107
?_LCD_Write         param1       000103
?_Wait_ms           param1       000107
?_main              param1       000100
LCD_Inst@c          param1       000105
LCD_Move@Col        param1       000104
LCD_Move@Row        param1       000103
LCD_Pause@x         param1       000107
LCD_Write@c         param1       000103
Wait_ms@X           param1       000107
Wait_ms@i           param1       000109
Wait_ms@j           param1       00010B
_A3                 smallconst   001016
_ADCON1             (abs)        000FC1
_D3                 smallconst   001018
_F3                 smallconst   00101A
_G3                 smallconst   00101C
_GIE                (abs)        007F97
_IntServe           text8        001020
_LCD_Init           text3        001252
_LCD_Inst           text4        0013E6
_LCD_Move           text2        0012E4
_LCD_Pause          text7        001470
_LCD_Strobe         text6        0014A6
_LCD_Write          text1        001434
_MSG0               smallconst   001001
_N0                 (abs)        000000
_N1                 (abs)        000002
_N3                 (abs)        000004
_PEIE               (abs)        007F96
_PORTD              (abs)        000F83
_PR2                (abs)        000FCB
_RB0                (abs)        007C08
_RC0                (abs)        007C10
_RC1                (abs)        007C11
_RC3                (abs)        007C13
_RD1                (abs)        007C19
_RD2                (abs)        007C1A
_RD3                (abs)        007C1B
_T0CON              (abs)        000FD5
_T0CS               (abs)        007EAD
_T1                 (abs)        000006
_T1CON              (abs)        000FCD
_T2                 (abs)        00000A
_T2CON              (abs)        000FCA
_T3CON              (abs)        000FB1
_TIME               (abs)        00000E
_TMR0               (abs)        000FD6
_TMR0IE             (abs)        007F95
_TMR0IF             (abs)        007F92
_TMR0IP             (abs)        007F8A
_TMR0ON             (abs)        007EAF
_TMR1               (abs)        000FCE
_TMR1CS             (abs)        007E69
_TMR1IE             (abs)        007CE8
_TMR1IF             (abs)        007CF0
_TMR1IP             (abs)        007CF8
_TMR1ON             (abs)        007E68
_TMR2IE             (abs)        007CE9
_TMR2IF             (abs)        007CF1
_TMR2IP             (abs)        007CF9
_TMR2ON             (abs)        007E52
_TMR3               (abs)        000FB2
_TMR3CS             (abs)        007D89
_TMR3IE             (abs)        007D01
_TMR3IF             (abs)        007D09
_TMR3IP             (abs)        007D11
_TMR3ON             (abs)        007D88
_TRISA              (abs)        000F92
_TRISB              (abs)        000F93
_TRISC              (abs)        000F94
_TRISD              (abs)        000F95
_TRISE              (abs)        000F96
_TRMT               (abs)        007D61
_TXREG              (abs)        000FAD
_Wait_ms            text5        001368
__Bnvbit            nvbit        000012
__Brbit             rbit         000012
__HRAM              (abs)        000000
__Habsbss0          (abs)        000012
__Hbigbss           bigbss       00011C
__Hbigdata          bigdata      00011C
__Hbss              bss          000012
__Hclrtext          clrtext      001020
__Hconfig           config       300000
__Hconst            const        001020
__Hdata             data         001020
__Heeprom_data      eeprom_data  F00000
__Hend_init         end_init     000836
__Hfarbss           farbss       000000
__Hfardata          fardata      000000
__Hibigdata         ibigdata     001020
__Hidata            idata        001020
__Hidloc            idloc        200000
__Hifardata         ifardata     001020
__Hinit             init         000824
__Hintcode          intcode      000818
__Hintcodelo        intcodelo    000818
__Hintentry         intentry     001020
__Hintret           intret       001020
__Hintsave_regs     intsave_regs 00011C
__Hirdata           irdata       001020
__Hmediumconst      mediumconst  001020
__Hnvbit            nvbit        000090
__Hnvram            nvram        001020
__Hnvrram           nvrram       000012
__Hparam            param1       00011C
__Hparam0           param0       001020
__Hparam1           param1       00011C
__Hparam10          param10      001020
__Hparam11          param11      001020
__Hparam12          param12      001020
__Hparam13          param13      001020
__Hparam14          param14      001020
__Hparam15          param15      001020
__Hparam2           param2       001020
__Hparam3           param3       001020
__Hparam4           param4       001020
__Hparam5           param5       001020
__Hparam6           param6       001020
__Hparam7           param7       001020
__Hparam8           param8       001020
__Hparam9           param9       001020
__Hpowerup          powerup      000818
__Hramtop           ramtop       001000
__Hrbit             rbit         000090
__Hrbss             rbss         000012
__Hrdata            rdata        000012
__Hreset_vec        reset_vec    000804
__Hrparam           rparam       001020
__Hsmallconst       smallconst   001020
__Hstruct           struct       000012
__Htemp             temp         000012
__Htext             text         001020
__Htext0            text0        001020
__Htext1            text1        001020
__Htext2            text2        001020
__Htext3            text3        001020
__Htext4            text4        001020
__Htext5            text5        001020
__Htext6            text6        001020
__Htext7            text7        001020
__Htext8            text8        001020
__LRAM              (abs)        000001
__Labsbss0          (abs)        000000
__Lbigbss           bigbss       00011C
__Lbigdata          bigdata      00011C
__Lbss              bss          000012
__Lclrtext          clrtext      001020
__Lconfig           config       300000
__Lconst            const        001020
__Ldata             (abs)        000000
__Leeprom_data      eeprom_data  F00000
__Lend_init         end_init     000824
__Lfarbss           farbss       000000
__Lfardata          fardata      000000
__Libigdata         ibigdata     001020
__Lidata            idata        001020
__Lidloc            idloc        200000
__Lifardata         ifardata     001020
__Linit             init         000818
__Lintcode          intcode      000808
__Lintcodelo        intcodelo    000818
__Lintentry         intentry     001020
__Lintret           intret       001020
__Lintsave_regs     intsave_regs 00011C
__Lirdata           irdata       001020
__Lmediumconst      mediumconst  001020
__Lnvbit            nvbit        000090
__Lnvram            nvram        001020
__Lnvrram           nvrram       000012
__Lparam            param1       000100
__Lparam0           param0       001020
__Lparam1           param1       000100
__Lparam10          param10      001020
__Lparam11          param11      001020
__Lparam12          param12      001020
__Lparam13          param13      001020
__Lparam14          param14      001020
__Lparam15          param15      001020
__Lparam2           param2       001020
__Lparam3           param3       001020
__Lparam4           param4       001020
__Lparam5           param5       001020
__Lparam6           param6       001020
__Lparam7           param7       001020
__Lparam8           param8       001020
__Lparam9           param9       001020
__Lpowerup          powerup      000818
__Lramtop           ramtop       001000
__Lrbit             rbit         000090
__Lrbss             rbss         000012
__Lrdata            rdata        000012
__Lreset_vec        reset_vec    000800
__Lrparam           rparam       001020
__Lsmallconst       smallconst   001000
__Lstruct           struct       000012
__Ltemp             temp         000012
__Ltext             text         001020
__Ltext0            text0        001020
__Ltext1            text1        001020
__Ltext2            text2        001020
__Ltext3            text3        001020
__Ltext4            text4        001020
__Ltext5            text5        001020
__Ltext6            text6        001020
__Ltext7            text7        001020
__Ltext8            text8        001020
__S0                (abs)        F00000
__S1                (abs)        000F00
__accesstop         (abs)        000080
__activetblptr      (abs)        000003
__end_of_IntServe   text8        00114C
__end_of_LCD_Init   text3        0012E4
__end_of_LCD_Inst   text4        001434
__end_of_LCD_Move   text2        001368
__end_of_LCD_Pause  text7        0014A6
__end_of_LCD_Strobe text6        0014BA
__end_of_LCD_Write  text1        001470
__end_of_Wait_ms    text5        0013E6
__end_of_main       text0        001252
__mediumconst       mediumconst  001020
__ramtop            ramtop       001000
__smallconst        smallconst   001000
_exit               init         000818
_main               text0        00114C
int_func            intcode      000808
intlevel0           text         0014BA
intlevel1           text         0014BA
intlevel2           text         0014BA
intlevel3           text         0014BA
main@i              param1       000100
start               init         000818
